// Jest Snapshot v1, https://goo.gl/fbAQLP

exports[`render renders the component as expected 1`] = `
ShallowWrapper {
  "complexSelector": ComplexSelector {
    "buildPredicate": [Function],
    "childrenOfNode": [Function],
    "findWhereUnwrapped": [Function],
  },
  "length": 1,
  "node": <DropdownButton
    listData={
      Array [
        Object {
          "id": "bulkUpload",
          "name": "Bulk Upload",
        },
      ]
    }
    listType="standardDropdown"
    lockBody={true}
    onClick={[Function]}
    onOptionClick={[Function]}
  >
    Create Campaign
  </DropdownButton>,
  "nodes": Array [
    <DropdownButton
      listData={
        Array [
          Object {
            "id": "bulkUpload",
            "name": "Bulk Upload",
          },
        ]
      }
      listType="standardDropdown"
      lockBody={true}
      onClick={[Function]}
      onOptionClick={[Function]}
    >
      Create Campaign
    </DropdownButton>,
  ],
  "options": Object {},
  "renderer": ReactShallowRenderer {
    "_instance": ShallowComponentWrapper {
      "_calledComponentWillUnmount": false,
      "_compositeType": 2,
      "_context": Object {},
      "_currentElement": <ActionButtonComponent />,
      "_debugID": 1,
      "_hostContainerInfo": null,
      "_hostParent": null,
      "_instance": StatelessComponent {
        "_reactInternalInstance": [Circular],
        "context": Object {},
        "props": Object {},
        "refs": Object {},
        "state": null,
        "updater": Object {
          "enqueueCallback": [Function],
          "enqueueCallbackInternal": [Function],
          "enqueueElementInternal": [Function],
          "enqueueForceUpdate": [Function],
          "enqueueReplaceState": [Function],
          "enqueueSetState": [Function],
          "isMounted": [Function],
          "validateCallback": [Function],
        },
      },
      "_mountOrder": 1,
      "_pendingCallbacks": null,
      "_pendingElement": null,
      "_pendingForceUpdate": false,
      "_pendingReplaceState": false,
      "_pendingStateQueue": null,
      "_renderedComponent": NoopInternalComponent {
        "_currentElement": <DropdownButton
          listData={
            Array [
              Object {
                "id": "bulkUpload",
                "name": "Bulk Upload",
              },
            ]
          }
          listType="standardDropdown"
          lockBody={true}
          onClick={[Function]}
          onOptionClick={[Function]}
        >
          Create Campaign
        </DropdownButton>,
        "_debugID": 2,
        "_renderedOutput": <DropdownButton
          listData={
            Array [
              Object {
                "id": "bulkUpload",
                "name": "Bulk Upload",
              },
            ]
          }
          listType="standardDropdown"
          lockBody={true}
          onClick={[Function]}
          onOptionClick={[Function]}
        >
          Create Campaign
        </DropdownButton>,
      },
      "_renderedNodeType": 1,
      "_rootNodeID": 0,
      "_topLevelWrapper": null,
      "_updateBatchNumber": null,
      "_warnedAboutRefsInRender": false,
    },
    "getRenderOutput": [Function],
    "render": [Function],
  },
  "root": [Circular],
  "unrendered": <ActionButtonComponent />,
}
`;
